[#0b0e0f:#0b0e0e]▀[#0b0e0e:#80ff02]▀[#0b0e0e:#7efd00]▀[#0b0e0e:#7eff01]▀[#0b0e0e:#7fff00]▀[:#7efe00]▀[#0b0d0e:#0b0e0e]▀[#0b0e0e:#7ffe03]▀[#0b0e0e:#7eff01]▀[#0b0e0e:#0b0e0e]▀[#0b0e0e:#7fff02]▀[#0b0e0e:#7ffe00]▀[#0b0e0e:#0b0e0e]▀[#0b0e0e:#0b0d0e]▀[#0b0e0f:#7fff02]▀[#0b0e0e:#81ff00]▀[#0b0d0e:#0b0d0e]▀[#0b0e0e:#7dff00]▀[#0b0e0e:]▀[#0b0e0f:#7fff00]▀[#0b0e0e:]▀[#0b0d0d:#7eff00]▀[#0b0e0e:#0b0d0e]▀[#0b0e0e:#7cff00]▀[#0b0d0e:#7ffe03]▀[#0b0e0e:#0b0e0e]▀[#ffffff:#feffff]▀[#feffff:#fffeff]▀[#0c0e0e:#0b0e0e]▀[#0b0e0f:#7ffe00]▀[#0b0e0e:#80ff00]▀[#0b0d0e:#0b0d0e]▀[#0b0e0e:#7eff00]▀[#0b0e0f:#7dfe00]▀[#0b0e0e:#0b0e0e]▀[#0b0d0e:#7cff01]▀[#0b0d0e:#7fff02]▀[#0b0d0e:#0b0e0e]▀[#0b0e0e:#7bfe00]▀[#0b0e0e:#7fff02]▀[#0b0e0e:#80ff00]▀[#0b0e0e:#7efd00]▀[#0a0d0e:#7cff00]▀[#0b0e0e:#0b0e0e]▀[#0b0e0e:#7ffe01]▀[#0c0e0e:#7fff00]▀[#0b0e0e:#0b0e0e]▀[#ffffff:#fefefd]▀[:#fefefe]▀[#0b0e0e:#0b0e0f]▀[#0b0e0e:#7eff01]▀[#0b0e0e:#7eff00]▀[#0b0e0e:#0b0e0e]▀
[#0b0e0e:#0b0e0f]▀[#7dff00:#53ee00]▀[#7ffe03:#54ed00]▀[#81ff01:#0b0d0e]▀[#7cfd00:#55ee00]▀[#7cff01:#53ed01]▀[#0b0e0e:#0b0d0e]▀[#7ffe00:#52f000]▀[#7fff00:#50ef00]▀[#0a0d0d:#0b0d0e]▀[#80fe00:#0b0e0e]▀[#80ff00:#51ee01]▀[#0b0e0f:#56ef00]▀[#0b0e0f:#53ee00]▀[#7efd00:#55f000]▀[#7eff00:#0b0d0e]▀[#0b0e0f:#0b0d0e]▀[#7ffe03:#53ed01]▀[#7eff00:#53ee00]▀[#80ff04:#0b0e0e]▀[#7eff01:#0b0e0e]▀[#7ffe00:#0b0d0e]▀[#0b0e0f:#0b0e0e]▀[#7bfe00:#55ee00]▀[#7fff00:#51ee01]▀[#0b0d0e:#0b0e0e]▀[#feffff:#fffefd]▀[:#feffff]▀[#0b0e0f:#0b0e0e]▀[#7dff00:#53ec00]▀[#7eff01:#53ee00]▀[#0b0e0e:#0b0e0e]▀[#80ff02:#52ec00]▀[#7ffe01:#51ee01]▀[#0b0e0e:#0b0d0e]▀[#81ff00:#53f100]▀[#7bff00:#56ef03]▀[#0b0e0e:#0b0d0d]▀[#81fe02:#50ed02]▀[#81ff00:#54ef00]▀[#7ffe01:#0b0d0e]▀[#7eff00:#0b0d0e]▀[#7ffe00:#0b0e0e]▀[#0b0d0e:#0b0e0f]▀[#7efe03:#52ed00]▀[#7dff04:#52f000]▀[#0b0e0e:#0b0e0e]▀[#fffeff:#fefffe]▀[#ffffff:#feffff]▀[#0b0e0e:#0b0e0d]▀[#7ffe00:#56ef01]▀[#7ffe00:#51f000]▀[#0b0e0e:#0b0e0f]▀
[#0b0d0e:#0b0d0e]▀[#50ef00:#1eb600]▀[#53ee00:#1fb500]▀[#53ee00:#1db400]▀[#50ef00:#20b900]▀[#53ed01:#1eb600]▀[#0b0e0e:#0a0d0e]▀[#52ec00:#1eb400]▀[#56ef00:#1eb500]▀[#0b0e0e:#0b0e0f]▀[#0b0e0f:#0b0e0e]▀[#52ed00:#0b0e0e]▀[#55f001:#1eb600]▀[#52ef00:#21b300]▀[#50ed00:#0b0e0e]▀[#0b0e0e:#0b0e0e]▀[#0b0e0e:#0b0e0e]▀[#53ee00:#1eb600]▀[#54ee04:#1eb501]▀[#52ed00:#1eb400]▀[#53ee00:#1eb600]▀[#0b0e0f:#0b0d0d]▀[#0b0e0e:#0b0e0e]▀[#52f100:#1eb601]▀[#53ec00:#1eb400]▀[#0b0e0e:#0a0d0e]▀[#fefefe:#ffffff]▀[#feffff:]▀[#0b0d0f:#0a0d0d]▀[#55f001:#1eb600]▀[#50ee00:#1eb700]▀[#0b0e0f:#1eb600]▀[#55f000:#20b600]▀[#51ec00:#1eb601]▀[#0b0e0e:#0b0e0e]▀[#4fee00:#20b600]▀[#54ef00:#1fb501]▀[#0b0e0f:#0b0e0e]▀[#55ee00:#1fb501]▀[#52ef04:#1eb700]▀[#51ee01:#1db600]▀[#52ef00:#1fb700]▀[#0b0e0e:#0b0e0f]▀[#0b0e0e:#0b0e0e]▀[#52ef00:#20b504]▀[#54ef00:#1eb600]▀[#0b0d0e:#0b0d0e]▀[#fefeff:#0b0e0e]▀[#feffff:#0b0e0e]▀[#0b0e0f:#0b0e0f]▀[#51ee03:#1fb600]▀[#54ee02:#20b700]▀[#0c0e0f:#0b0d0e]▀
[#0b0d0e:#0b0e0e]▀[#1bb600:#166f00]▀[#1fb500:#166e00]▀[#0b0e0e:#0b0e0e]▀[#0a0d0e:#ffffff]▀[#0b0e0f:#fffffc]▀[#0b0e0e:#0b0e0e]▀[#1eb600:#166e00]▀[#1cb701:#146d00]▀[#0b0e0f:#0b0d0e]▀[#0b0e0e:#146d00]▀[#1fb501:#156d01]▀[#1fb700:#156d00]▀[#1db400:#166e00]▀[#20b600:#166d00]▀[#0b0e0e:#156d00]▀[#0b0e0e:#0b0d0f]▀[#20b600:#176e00]▀[#1fb700:#166e00]▀[#0b0e0f:#156c00]▀[#0b0d0e:#156d00]▀[#0b0d0e:#156f00]▀[#0b0e0e:#0b0d0e]▀[#1eb600:#166d00]▀[#1eb500:#146c00]▀[#0b0e0e:#166d00]▀[#0b0d0e:#146d00]▀[#0b0e0f:#156e00]▀[#0b0e0e:#0b0d0e]▀[#1eb600:#0b0e0f]▀[#1eb600:#156e00]▀[#1db400:#166d00]▀[#1fb800:#176d00]▀[#1db500:#0b0e0f]▀[#0b0d0e:#0b0e0e]▀[#20b300:#166d00]▀[#1eb800:#166e00]▀[#0a0d0e:#0b0e0e]▀[#1fb500:#166d00]▀[#1eb600:#166d00]▀[#0b0e0f:#176e00]▀[#0b0e0e:#156d00]▀[#0b0e0f:#156d00]▀[#0b0e0f:#0b0e0e]▀[#1eb700:#0b0e0e]▀[#1eb600:#156d00]▀[#0b0e0e:#166d00]▀[#1cb500:#166f00]▀[#1eb800:#166d00]▀[#0b0e0e:#166d00]▀[#1fb700:#156d00]▀[#1db500:#0b0e0e]▀[#0c0e0f:#0b0e0e]▀
[#0b0e0e:#0b0d0e]▀[#156d00:#0b0e0e]▀[#166d00:#0b0e0e]▀[#0b0d0e:#0b0e0e]▀[#ffffff:#ffffff]▀[#feffff:]▀[#0b0e0e:#0b0e0e]▀[#166e00:]▀[#166f00:#0b0e0f]▀[#0b0e0e:#0b0e0e]▀[#166e00:#0b0e0e]▀[:#0b0e0e]▀[#0b0d0e:#0b0e0f]▀[#0b0e0e:#0b0d0e]▀[#156d00:#0b0e0e]▀[#166f00:]▀[#0b0e0e:#0b0e0e]▀[#156d00:#0b0e0e]▀[#176e00:#0b0d0e]▀[#166f00:#0b0e0e]▀[#166d00:#0b0e0e]▀[#156e00:#0b0e0e]▀[#0b0e0e:#0b0e0e]▀[#156e00:#0b0e0e]▀[#156d00:]▀[#166f00:#0b0e0e]▀▀[#156d00:#0b0e0e]▀[#0b0d0e:#0b0e0e]▀[#0b0e0e:#0b0e0f]▀[#166d00:#0b0e0e]▀[#156e00:]▀[:#0b0d0e]▀[#0b0e0e:#0b0e0e]▀[#0b0e0e:#0b0e0e]▀[#166f00:]▀[#166e00:#0b0e0e]▀[#0b0e0e:#0b0e0e]▀[#166d00:]▀[#166e00:#0b0e0e]▀[#166d00:#0b0e0e]▀[#166d00:#0b0e0f]▀[#166f00:#0b0e0e]▀[#0b0e0e:#0b0e0e]▀[#0b0e0e:#0b0e0f]▀[#166f00:#0b0e0e]▀[#156d00:#0b0e0e]▀[#0b0e0e:#0b0e0e]▀[#0b0e0e:#0b0e0e]▀[#166f00:#0b0e0e]▀[#166d00:#0b0e0e]▀[#0b0e0e:#0b0e0e]▀[#ffffff:#ffffff]▀
