[#101010:#101010]▀[:#87d700]▀▀▀▀▀[:#101010]▀[:#87d700]▀▀[:#101010]▀[:#87d700]▀▀[:#101010]▀▀[:#87d700]▀▀[:#101010]▀[:#87d700]▀▀▀▀▀[:#101010]▀[:#87d700]▀▀[:#101010]▀[#000000:#000000]▀[#000000:#000000]▀[#101010:#101010]▀[:#87d700]▀▀[:#101010]▀[:#87d700]▀▀[:#101010]▀[:#87d700]▀▀[:#101010]▀[:#87d700]▀▀▀▀▀[:#101010]▀[:#87d700]▀▀[:#101010]▀[#000000:#000000]▀[#000000:#000000]▀[#101010:#101010]▀[:#87d700]▀▀[:#101010]▀
[#101010:#101010]▀[#87d700:#5faf00]▀▀[:#101010]▀[:#5faf00]▀▀[#101010:#101010]▀[#87d700:#5faf00]▀▀[#101010:#101010]▀[#87d700:]▀[:#5faf00]▀[#101010:]▀▀[#87d700:]▀[:#101010]▀[#101010:]▀[#87d700:#5faf00]▀▀[:#101010]▀▀▀[#101010:]▀[#87d700:#5faf00]▀▀[#101010:#101010]▀[#000000:#000000]▀[#000000:#000000]▀[#101010:#101010]▀[#87d700:#5faf00]▀▀[#101010:#101010]▀[#87d700:#5faf00]▀▀[#101010:#101010]▀[#87d700:#5faf00]▀▀[#101010:#101010]▀[#87d700:#5faf00]▀▀[:#101010]▀▀▀[#101010:]▀[#87d700:#5faf00]▀▀[#101010:#101010]▀[#000000:#000000]▀[#000000:#000000]▀[#101010:#101010]▀[#87d700:#5faf00]▀▀[#101010:#101010]▀
[#101010:#101010]▀[#5faf00:#008700]▀▀▀▀▀[#101010:#101010]▀[#5faf00:#008700]▀▀[#101010:#101010]▀▀[#5faf00:]▀[:#008700]▀▀[:#101010]▀[#101010:]▀▀[#5faf00:#008700]▀▀▀▀[#101010:#101010]▀▀[#5faf00:#008700]▀▀[#101010:#101010]▀[#000000:#000000]▀[#000000:#000000]▀[#101010:#101010]▀[#5faf00:#008700]▀▀[#101010:]▀[#5faf00:]▀▀[#101010:#101010]▀[#5faf00:#008700]▀▀[#101010:#101010]▀[#5faf00:#008700]▀▀▀▀[#101010:#101010]▀▀[#5faf00:#008700]▀▀[#101010:#101010]▀[#000000:]▀[#000000:]▀[#101010:]▀[#5faf00:#008700]▀▀[#101010:#101010]▀
[#101010:#101010]▀[#008700:#005f00]▀▀[#101010:#101010]▀[:#000000]▀▀[:#101010]▀[#008700:#005f00]▀▀[#101010:#101010]▀[:#005f00]▀[#008700:]▀▀▀▀[#101010:]▀[:#101010]▀[#008700:#005f00]▀▀[#101010:]▀▀▀[:#101010]▀[#008700:#005f00]▀▀[#101010:]▀▀▀[:#101010]▀[#008700:]▀[:#005f00]▀▀▀[:#101010]▀[#101010:]▀[#008700:#005f00]▀▀[#101010:#101010]▀[#008700:#005f00]▀▀[#101010:]▀▀▀[:#101010]▀[#008700:]▀[:#005f00]▀[#101010:]▀[#008700:]▀▀[#101010:]▀[#008700:]▀[:#101010]▀[#101010:]▀
[#101010:#101010]▀[#005f00:]▀▀[#101010:]▀[#000000:#000000]▀[:#000000]▀[#101010:#101010]▀[#005f00:]▀▀[#101010:]▀[#005f00:]▀▀[#101010:]▀▀[#005f00:]▀▀[#101010:]▀[#005f00:]▀▀▀▀▀[#101010:]▀[#005f00:]▀▀▀▀▀[#101010:]▀▀[#005f00:]▀▀▀[#101010:]▀▀[#005f00:]▀▀[#101010:]▀[#005f00:]▀▀▀▀▀[#101010:]▀▀[#005f00:]▀▀[#101010:]▀▀[#005f00:]▀▀[#101010:]▀[#000000:#000000]▀
