[#0e1011:#10100e]▀[#10100c:#87d704]▀[#101010:#88d702]▀[#100f11:#88d701]▀[#0f1112:#87d700]▀[#100e0f:#86d901]▀[#101010:#10100e]▀[#110f10:#85d800]▀[#101010:#86d700]▀[#100f11:#110f11]▀[#0f0f0f:#87d800]▀[#111111:#87d600]▀[#10100e:#12100f]▀[#0e1010:#100f11]▀[#100f11:#87d800]▀[#120e11:#83d800]▀[#101010:#101010]▀[#0e1010:#87d800]▀[#100f11:#88d702]▀[#10100c:#86d701]▀[#0f0f0f:#8ad602]▀[#0f1111:#87d700]▀[#10100e:#0d0f10]▀[#110f10:#87d600]▀[#0e110e:#88d701]▀[#100f11:#101010]▀[#fdfffd:#ffffff]▀[#fdffff:#fffeff]▀[#110f11:#10100c]▀[#101010:#88d701]▀[#110f0e:#87d801]▀[#0e1010:#101010]▀[#110f11:#87d801]▀[#101010:#88d400]▀[#121011:#120e10]▀[#0d0f0f:#87d801]▀[#0e110e:#87d600]▀[#101010:#101010]▀[#110f10:#87d704]▀[#10100e:#86d700]▀[:#87d801]▀[#0f0f0f:#88d704]▀[#11110f:#87d601]▀[#0e1010:#121011]▀[#12100f:#86d700]▀[#0e1011:#86d700]▀[#0d100d:#120e11]▀[#ffffff:#fffeff]▀[:#ffffff]▀[#100f11:#11110f]▀[#0e1011:#86d700]▀[#0e110c:]▀[#100f11:#100f13]▀
[#110f10:#110f0e]▀[#86d901:#60ae02]▀[#86d700:#60ae00]▀[#88d800:#101010]▀[#86d700:#60b003]▀[#88d701:#5eae00]▀[#110f11:#121012]▀[#87d801:#5faf00]▀[#87d802:]▀[#100f0b:#110f10]▀[#89d501:#100f11]▀[#87d704:#60ae02]▀[#0d0f0f:#5eb100]▀[#110f10:#60ae02]▀[#86d700:#5faf00]▀[#87d802:#110f0e]▀[#110e13:#0e110e]▀[#87d600:#5eae00]▀[#88d800:#5faf02]▀[:#101010]▀[#86d700:#0f1111]▀[#87d600:#11100c]▀[#100f11:#110d10]▀[#87d700:#5faf00]▀[#87d802:#60af00]▀[#0d0f10:#0e1011]▀[#fefffd:#ffffff]▀[#ffffff:]▀[#0e1011:#100f11]▀[#84da00:#60b001]▀[#88d800:#60b003]▀[#120f14:#0f0f0d]▀[#85d800:#5faf02]▀[#89d802:#5db000]▀[#0e110e:#0f0f0f]▀[#86d500:#60b001]▀[#87d800:#61ad03]▀[#101010:#101010]▀[#88d800:#5faf00]▀[#87d700:#60b003]▀[#88d701:#100f11]▀[#88d800:#110f0e]▀[#86d900:#0f0f0f]▀[#0e110e:#110f11]▀[#88d800:#5daf02]▀[#88d702:#60ae00]▀[#101010:#0d0f0f]▀[#ffffff:#fefffe]▀[#ffffff:#ffffff]▀[#0f0f0f:#11110f]▀[#87d802:#60ae02]▀[#88d702:#5eae00]▀[#0d0f10:#100f11]▀
[#11110f:#0d1110]▀[#5fad01:#008701]▀[#5db000:]▀[#5faf02:#008802]▀[#60ae00:#008600]▀[#60b001:#008800]▀[#110f10:#0e110e]▀[#60ae00:#008701]▀[#5db000:#028600]▀[#111111:#120e10]▀[#0e110c:#0f0e10]▀[#5caf00:#111111]▀[#61af01:#008701]▀[#5faf00:]▀[#60ae00:#111111]▀[#100f11:#0f0f0f]▀[#121011:#110f10]▀[#5faf00:#008800]▀[:#008600]▀[#5fad01:#018702]▀[#5db000:#008701]▀[#0e1010:#101010]▀[#121011:]▀[#5faf00:#008800]▀[#5db000:#008700]▀[#110f10:#0e1011]▀[#fffefe:#ffffff]▀[#fefffc:#fffeff]▀[#111111:#101010]▀[#5db000:#018400]▀[#5fad00:#018805]▀[#111111:#008500]▀[#61ae00:#028600]▀[#5daf02:#008701]▀[#130f12:#0e110e]▀[#5db000:#008700]▀[#5faf00:]▀[#130f12:#0d100d]▀[#5fad00:#008800]▀[#5faf00:#008703]▀[:#008800]▀[#5db000:#008600]▀[#101010:#0e1010]▀[:#101010]▀[#5faf00:#008701]▀[:#008700]▀[#0f0f0f:#110f10]▀[#ffffff:#101010]▀[#fffefe:#0e1010]▀[#0d1110:#101010]▀[#5faf00:#008601]▀[#61b000:#008701]▀[#101010:#0e110c]▀
[#120e10:#0e1010]▀[#008802:#005e00]▀[#008700:#006000]▀[#100e0f:#10100e]▀[#111111:#fffeff]▀[#100f11:#fdfffe]▀[#101010:#111012]▀[#008800:#005f01]▀[#008700:]▀[#101010:#111012]▀[#0e1211:#015d00]▀[#008800:#005f00]▀[#018500:]▀[#008802:#005f01]▀[#008601:]▀[#111111:#005f00]▀[#0f1112:#101010]▀[#028600:#005f00]▀[#008701:#006000]▀[#10100e:#005f00]▀[#110f0e:#005f01]▀[#0f0e10:#016002]▀[#12100f:#100e0f]▀[#008800:#015e01]▀[#018702:#005f01]▀[#0f1112:#005f00]▀[#110f0e:#005e00]▀[#0e1010:#016000]▀[#10100e:#111111]▀[#008802:#100f13]▀[#008600:#015e01]▀[#008900:#005f01]▀▀[#008600:#10100e]▀[#100f13:#0e110e]▀[#008600:#015f00]▀[#008701:#005e02]▀[#0e1010:#0e1010]▀[#028600:#005f00]▀[#008601:#006000]▀[#0f0f0d:#005f03]▀[#0e110e:#015f00]▀[#111012:#005f01]▀[#0e110e:#100f11]▀[#008900:#110f0e]▀[#018500:#015e01]▀[#0e1010:#005f00]▀[#018700:#005f01]▀[#038700:]▀[#101010:#006000]▀[#038602:#005f00]▀[#008601:#10100e]▀[#0e1010:#110f11]▀
[#101010:#101010]▀[#005f01:]▀[#005f00:]▀[#110f10:]▀[#ffffff:#ffffff]▀▀[#101010:#101010]▀[#005f00:]▀[#005f01:]▀[#110f10:]▀[#005f01:]▀▀[#101010:]▀▀[#005e00:]▀[#005f00:#110f10]▀[#101010:#101010]▀[#005f01:]▀▀[#005f00:]▀[#015e01:]▀▀[#101010:]▀[#005f01:]▀[#005f00:]▀[#015e01:]▀[#005f01:]▀[#005e00:]▀[#101010:]▀▀[#005f00:]▀[#015e01:]▀[#005f01:]▀[#0e1010:]▀[#110f10:]▀[#005f00:]▀[#005e00:]▀[#100f11:]▀[#005f01:]▀[#005f00:]▀[#005f01:]▀[#005f00:]▀[#005f01:]▀[#110f10:]▀[#100f11:]▀[#005e00:]▀[#015e01:]▀[#101010:]▀▀[#005f01:]▀▀[#101010:]▀[#ffffff:#ffffff]▀
